// Jest Snapshot v1, https://goo.gl/fbAQLP

exports[`EventSourcedAggregateRoot Can apply original state 1`] = `
Product {
  "_dimensions": Dimensions {
    "aggregateRoot": [Circular],
    "height": 0,
    "width": 0,
  },
  "_name": "test",
  "_stock": 12,
  "aggregateId": Identity {
    "id": "id-213",
  },
  "aggregateRoot": null,
  "playhead": 2,
  "uncommittedEvents": Array [],
}
`;

exports[`EventSourcedAggregateRoot Can have children 1`] = `
Product {
  "_dimensions": Dimensions {
    "aggregateRoot": [Circular],
    "height": 200,
    "width": 100,
  },
  "_name": "",
  "_stock": 0,
  "aggregateId": Identity {
    "id": "id-213",
  },
  "aggregateRoot": null,
  "playhead": 0,
  "uncommittedEvents": Array [
    DomainMessage {
      "aggregateId": Identity {
        "id": "id-213",
      },
      "metadata": Object {},
      "payload": ProductSizeHasChanged {
        "height": 200,
        "width": 100,
      },
      "playhead": 0,
      "recordedOn": 1986-10-02T08:00:00.000Z,
    },
  ],
}
`;
